2026-08-18 11:34:48,580 [INFO] Process-2: start_process: starting tool 'download_file' | task_id=call_xp8hpzr8 timeout=60s args={'url': 'https://archive.org/download/vintage-cocktail-books-euvs/Bariana%20by%20Louis%20Fouquet%20%281896%29.txt', 'dest': '/home/loki/Documents/bariana.txt', 'overwrite': False}
2026-08-18 11:34:48,581 [INFO] Process-2: start_process: running download_file(url='https://archive.org/download/vintage-cocktail-books-euvs/Bariana%20by%20Louis%20Fouquet%20%281896%29.txt',dest='/home/loki/Documents/bariana.txt',overwrite=False,) from /media/loki/HDD/System64/projects/in_development/TARS/z_ignore/_basic_run/basic_run.py
2026-08-18 11:34:48,583 [INFO] Process-2: start_process: spawned subprocess pid=14277 for 'download_file'
2026-08-18 11:34:51,586 [INFO] Process-2: start_process: 'download_file' (pid=14277) finished in 3.0s | returncode=0
2026-08-18 11:35:08,711 [INFO] Process-4: start_process: starting tool 'read_text_file' | task_id=call_hbgr981i timeout=30s args={'max_chars': 500, 'path': '/home/loki/Documents/bariana.txt'}
2026-08-18 11:35:08,712 [INFO] Process-4: start_process: running read_text_file(max_chars=500,path='/home/loki/Documents/bariana.txt',) from /media/loki/HDD/System64/projects/in_development/TARS/z_ignore/_basic_run/basic_run.py
2026-08-18 11:35:08,715 [INFO] Process-4: start_process: spawned subprocess pid=14415 for 'read_text_file'
2026-08-18 11:35:09,718 [INFO] Process-4: start_process: 'read_text_file' (pid=14415) finished in 1.0s | returncode=0
2026-08-18 11:35:31,212 [INFO] Process-6: start_process: starting tool 'write_text_file' | task_id=call_fxh9wgvx timeout=30s args={'content': "Summary: 'Bariana' (1896) by Louis Fouquet is one of the earliest French cocktail books, authored by the head barman at Paris's The Criterion. While titled as a collection of American and British drinks, it also features unique French creations. The work reflects late-19th century mixology, blending international influences with local French innovations. This text provides historical insight into cocktail evolution and vintage bar techniques.", 'overwrite': False, 'path': '/home/loki/Documents/summary.txt'}
2026-08-18 11:35:31,213 [INFO] Process-6: start_process: running write_text_file(content="Summary: 'Bariana' (1896) by Louis Fouquet is one of the earliest French cocktail books, authored by the head barman at Paris's The Criterion. While titled as a collection of American and British drinks, it also features unique French creations. The work reflects late-19th century mixology, blending international influences with local French innovations. This text provides historical insight into cocktail evolution and vintage bar techniques.",overwrite=False,path='/home/loki/Documents/summary.txt',) from /media/loki/HDD/System64/projects/in_development/TARS/z_ignore/_basic_run/basic_run.py
2026-08-18 11:35:31,215 [INFO] Process-6: start_process: spawned subprocess pid=14542 for 'write_text_file'
2026-08-18 11:35:32,218 [INFO] Process-6: start_process: 'write_text_file' (pid=14542) finished in 1.0s | returncode=0
2026-08-18 11:35:44,890 [INFO] Process-8: start_process: starting tool 'zip_directory' | task_id=call_dg1ipsqb timeout=30s args={'overwrite': False, 'source_dir': '/home/loki/Documents', 'output_path': '/home/loki/Documents/archive.zip'}
2026-08-18 11:35:44,891 [INFO] Process-8: start_process: running zip_directory(overwrite=False,source_dir='/home/loki/Documents',output_path='/home/loki/Documents/archive.zip',) from /media/loki/HDD/System64/projects/in_development/TARS/z_ignore/_basic_run/basic_run.py
2026-08-18 11:35:44,894 [INFO] Process-8: start_process: spawned subprocess pid=14626 for 'zip_directory'
2026-08-18 11:35:45,896 [INFO] Process-8: start_process: 'zip_directory' (pid=14626) finished in 1.0s | returncode=0
2026-08-18 13:27:44,091 [INFO] Process-2: start_process: starting tool 'download_file' | task_id=call_enxius0l timeout=30s args={'overwrite': False, 'url': 'https://archive.org/download/vintage-cocktail-books-euvs/Bariana%20by%20Louis%20Fouquet%20%281896%29.txt', 'dest': '/home/loki/Documents/bariana.txt'}
2026-08-18 13:27:44,092 [INFO] Process-2: start_process: running download_file(overwrite=False,url='https://archive.org/download/vintage-cocktail-books-euvs/Bariana%20by%20Louis%20Fouquet%20%281896%29.txt',dest='/home/loki/Documents/bariana.txt',) from /media/loki/HDD/System64/projects/in_development/TARS/tools/tools.py
2026-08-18 13:27:44,095 [INFO] Process-2: start_process: spawned subprocess pid=29058 for 'download_file'
2026-08-18 13:27:45,097 [INFO] Process-2: start_process: 'download_file' (pid=29058) finished in 1.0s | returncode=1
2026-08-18 13:27:56,874 [INFO] Process-4: start_process: starting tool 'download_file' | task_id=call_q1mejqig timeout=30s args={'dest': '/home/loki/Documents/bariana.txt', 'overwrite': True, 'url': 'https://archive.org/download/vintage-cocktail-books-euvs/Bariana%20by%20Louis%20Fouquet%20%281896%29.txt'}
2026-08-18 13:27:56,875 [INFO] Process-4: start_process: running download_file(dest='/home/loki/Documents/bariana.txt',overwrite=True,url='https://archive.org/download/vintage-cocktail-books-euvs/Bariana%20by%20Louis%20Fouquet%20%281896%29.txt',) from /media/loki/HDD/System64/projects/in_development/TARS/tools/tools.py
2026-08-18 13:27:56,879 [INFO] Process-4: start_process: spawned subprocess pid=29124 for 'download_file'
2026-08-18 13:27:59,887 [INFO] Process-4: start_process: 'download_file' (pid=29124) finished in 3.0s | returncode=0
2026-08-18 13:28:16,314 [INFO] Process-6: start_process: starting tool 'read_text_file' | task_id=call_1wx72pmf timeout=30s args={'max_chars': 500, 'path': '/home/loki/Documents/bariana.txt'}
2026-08-18 13:28:16,315 [INFO] Process-6: start_process: running read_text_file(max_chars=500,path='/home/loki/Documents/bariana.txt',) from /media/loki/HDD/System64/projects/in_development/TARS/tools/tools.py
2026-08-18 13:28:16,318 [INFO] Process-6: start_process: spawned subprocess pid=29238 for 'read_text_file'
2026-08-18 13:28:17,320 [INFO] Process-6: start_process: 'read_text_file' (pid=29238) finished in 1.0s | returncode=0
2026-08-18 13:28:32,875 [INFO] Process-8: start_process: starting tool 'write_text_file' | task_id=call_j4bgpsa7 timeout=30s args={'overwrite': True, 'path': '/home/loki/Documents/summary.txt', 'content': "Bariana (1896) by Louis Fouquet is one of the earliest French cocktail books, written by the head barman at Paris's The Criterion. The book includes both American/British drink recipes and unique French creations, reflecting Fouquet's innovative approach to mixology. It remains a historically significant text in cocktail literature."}
2026-08-18 13:28:32,877 [INFO] Process-8: start_process: running write_text_file(overwrite=True,path='/home/loki/Documents/summary.txt',content="Bariana (1896) by Louis Fouquet is one of the earliest French cocktail books, written by the head barman at Paris's The Criterion. The book includes both American/British drink recipes and unique French creations, reflecting Fouquet's innovative approach to mixology. It remains a historically significant text in cocktail literature.",) from /media/loki/HDD/System64/projects/in_development/TARS/tools/tools.py
2026-08-18 13:28:32,881 [INFO] Process-8: start_process: spawned subprocess pid=29315 for 'write_text_file'
2026-08-18 13:28:33,890 [INFO] Process-8: start_process: 'write_text_file' (pid=29315) finished in 1.0s | returncode=0
2026-08-18 13:28:44,726 [INFO] Process-10: start_process: starting tool 'zip_directory' | task_id=call_ni3ebnzs timeout=30s args={'output_path': '/home/loki/Documents/archive.zip', 'overwrite': True, 'source_dir': '/home/loki/Documents'}
2026-08-18 13:28:44,727 [INFO] Process-10: start_process: running zip_directory(output_path='/home/loki/Documents/archive.zip',overwrite=True,source_dir='/home/loki/Documents',) from /media/loki/HDD/System64/projects/in_development/TARS/tools/tools.py
2026-08-18 13:28:44,730 [INFO] Process-10: start_process: spawned subprocess pid=29392 for 'zip_directory'
2026-08-18 13:28:45,732 [INFO] Process-10: start_process: 'zip_directory' (pid=29392) finished in 1.0s | returncode=0
2026-08-18 13:33:08,788 [INFO] Process-2: start_process: starting tool 'download_file' | task_id=call_9kovlqzv timeout=30s args={'url': 'https://archive.org/download/vintage-cocktail-books-euvs/Bariana%20by%20Louis%20Fouquet%20%281896%29.txt', 'dest': '/home/loki/Documents/bariana.txt', 'overwrite': True}
2026-08-18 13:33:08,809 [INFO] Process-2: start_process: running download_file(url='https://archive.org/download/vintage-cocktail-books-euvs/Bariana%20by%20Louis%20Fouquet%20%281896%29.txt',dest='/home/loki/Documents/bariana.txt',overwrite=True,) from /media/loki/HDD/System64/projects/in_development/TARS/tools/tools.py
2026-08-18 13:33:08,821 [INFO] Process-2: start_process: spawned subprocess pid=29916 for 'download_file'
2026-08-18 13:33:15,854 [INFO] Process-2: start_process: 'download_file' (pid=29916) finished in 7.0s | returncode=0
2026-08-18 13:33:48,531 [INFO] Process-4: start_process: starting tool 'read_text_file' | task_id=call_znpua5s1 timeout=30s args={'max_chars': 500, 'path': '/home/loki/Documents/bariana.txt'}
2026-08-18 13:33:48,532 [INFO] Process-4: start_process: running read_text_file(max_chars=500,path='/home/loki/Documents/bariana.txt',) from /media/loki/HDD/System64/projects/in_development/TARS/tools/tools.py
2026-08-18 13:33:48,535 [INFO] Process-4: start_process: spawned subprocess pid=30053 for 'read_text_file'
2026-08-18 13:33:49,537 [INFO] Process-4: start_process: 'read_text_file' (pid=30053) finished in 1.0s | returncode=0
2026-08-18 13:34:25,214 [INFO] Process-6: start_process: starting tool 'write_text_file' | task_id=call_1cubug50 timeout=30s args={'overwrite': True, 'path': '/home/loki/Documents/summary.txt', 'content': 'Bariana, published in 1896 by Louis Fouquet, is one of the earliest French cocktail books. It includes American and British mixed drinks, along with unique French variations. Fouquet, a renowned barman, compiled this collection, which reflects the cocktail culture of the time. The book is a historical resource for vintage cocktail recipes.'}
2026-08-18 13:34:25,214 [INFO] Process-6: start_process: running write_text_file(overwrite=True,path='/home/loki/Documents/summary.txt',content='Bariana, published in 1896 by Louis Fouquet, is one of the earliest French cocktail books. It includes American and British mixed drinks, along with unique French variations. Fouquet, a renowned barman, compiled this collection, which reflects the cocktail culture of the time. The book is a historical resource for vintage cocktail recipes.',) from /media/loki/HDD/System64/projects/in_development/TARS/tools/tools.py
2026-08-18 13:34:25,217 [INFO] Process-6: start_process: spawned subprocess pid=30191 for 'write_text_file'
2026-08-18 13:34:26,220 [INFO] Process-6: start_process: 'write_text_file' (pid=30191) finished in 1.0s | returncode=0
2026-08-18 13:34:36,662 [INFO] Process-8: start_process: starting tool 'zip_directory' | task_id=call_nqn7hj4x timeout=30s args={'source_dir': '/home/loki/Documents', 'output_path': '/home/loki/Documents/archive.zip', 'overwrite': True}
2026-08-18 13:34:36,663 [INFO] Process-8: start_process: running zip_directory(source_dir='/home/loki/Documents',output_path='/home/loki/Documents/archive.zip',overwrite=True,) from /media/loki/HDD/System64/projects/in_development/TARS/tools/tools.py
2026-08-18 13:34:36,667 [INFO] Process-8: start_process: spawned subprocess pid=30280 for 'zip_directory'
2026-08-18 13:34:37,670 [INFO] Process-8: start_process: 'zip_directory' (pid=30280) finished in 1.0s | returncode=0
2026-08-18 13:37:02,279 [INFO] Process-2: start_process: starting tool 'download_file' | task_id=call_dnvt4k4k timeout=30s args={'url': 'https://archive.org/download/vintage-cocktail-books-euvs/Bariana%20by%20Louis%20Fouquet%20%281896%29.txt', 'dest': '/home/loki/Documents/bariana.txt', 'overwrite': False}
2026-08-18 13:37:02,280 [INFO] Process-2: start_process: running download_file(url='https://archive.org/download/vintage-cocktail-books-euvs/Bariana%20by%20Louis%20Fouquet%20%281896%29.txt',dest='/home/loki/Documents/bariana.txt',overwrite=False,) from /media/loki/HDD/System64/projects/in_development/TARS/tools/tools.py
2026-08-18 13:37:02,282 [INFO] Process-2: start_process: spawned subprocess pid=30572 for 'download_file'
2026-08-18 13:37:03,285 [INFO] Process-2: start_process: 'download_file' (pid=30572) finished in 1.0s | returncode=1
2026-08-18 13:37:14,557 [INFO] Process-4: start_process: starting tool 'download_file' | task_id=call_02mw5fxc timeout=30s args={'dest': '/home/loki/Documents/bariana.txt', 'overwrite': True, 'url': 'https://archive.org/download/vintage-cocktail-books-euvs/Bariana%20by%20Louis%20Fouquet%20%281896%29.txt'}
2026-08-18 13:37:14,559 [INFO] Process-4: start_process: running download_file(dest='/home/loki/Documents/bariana.txt',overwrite=True,url='https://archive.org/download/vintage-cocktail-books-euvs/Bariana%20by%20Louis%20Fouquet%20%281896%29.txt',) from /media/loki/HDD/System64/projects/in_development/TARS/tools/tools.py
2026-08-18 13:37:14,561 [INFO] Process-4: start_process: spawned subprocess pid=30644 for 'download_file'
2026-08-18 13:37:17,564 [INFO] Process-4: start_process: 'download_file' (pid=30644) finished in 3.0s | returncode=0
2026-08-18 13:37:35,372 [INFO] Process-6: start_process: starting tool 'read_text_file' | task_id=call_zoaob4r4 timeout=30s args={'max_chars': 500, 'path': '/home/loki/Documents/bariana.txt'}
2026-08-18 13:37:35,373 [INFO] Process-6: start_process: running read_text_file(max_chars=500,path='/home/loki/Documents/bariana.txt',) from /media/loki/HDD/System64/projects/in_development/TARS/tools/tools.py
2026-08-18 13:37:35,378 [INFO] Process-6: start_process: spawned subprocess pid=30755 for 'read_text_file'
2026-08-18 13:37:36,381 [INFO] Process-6: start_process: 'read_text_file' (pid=30755) finished in 1.0s | returncode=0
2026-08-18 13:37:50,715 [INFO] Process-8: start_process: starting tool 'write_text_file' | task_id=call_qa4uzudd timeout=30s args={'content': "Bariana (1896) by Louis Fouquet is one of the earliest French cocktail books, compiled by the head barman at Paris's The Criterion. While the title suggests focus on American and British drinks, the book also includes unique French creations and variations. This work provides valuable historical insight into late 19th-century mixology traditions.", 'overwrite': False, 'path': '/home/loki/Documents/summary.txt'}
2026-08-18 13:37:50,716 [INFO] Process-8: start_process: running write_text_file(content="Bariana (1896) by Louis Fouquet is one of the earliest French cocktail books, compiled by the head barman at Paris's The Criterion. While the title suggests focus on American and British drinks, the book also includes unique French creations and variations. This work provides valuable historical insight into late 19th-century mixology traditions.",overwrite=False,path='/home/loki/Documents/summary.txt',) from /media/loki/HDD/System64/projects/in_development/TARS/tools/tools.py
2026-08-18 13:37:50,719 [INFO] Process-8: start_process: spawned subprocess pid=30831 for 'write_text_file'
2026-08-18 13:37:51,721 [INFO] Process-8: start_process: 'write_text_file' (pid=30831) finished in 1.0s | returncode=1
2026-08-18 13:38:02,650 [INFO] Process-10: start_process: starting tool 'write_text_file' | task_id=call_7wot7bns timeout=30s args={'content': "Bariana (1896) by Louis Fouquet is one of the earliest French cocktail books, compiled by the head barman at Paris's The Criterion. While the title suggests focus on American and British drinks, the book also includes unique French creations and variations. This work provides valuable historical insight into late 19th-century mixology traditions.", 'overwrite': True, 'path': '/home/loki/Documents/summary.txt'}
2026-08-18 13:38:02,651 [INFO] Process-10: start_process: running write_text_file(content="Bariana (1896) by Louis Fouquet is one of the earliest French cocktail books, compiled by the head barman at Paris's The Criterion. While the title suggests focus on American and British drinks, the book also includes unique French creations and variations. This work provides valuable historical insight into late 19th-century mixology traditions.",overwrite=True,path='/home/loki/Documents/summary.txt',) from /media/loki/HDD/System64/projects/in_development/TARS/tools/tools.py
2026-08-18 13:38:02,654 [INFO] Process-10: start_process: spawned subprocess pid=30895 for 'write_text_file'
2026-08-18 13:38:03,657 [INFO] Process-10: start_process: 'write_text_file' (pid=30895) finished in 1.0s | returncode=0
2026-08-18 13:38:14,920 [INFO] Process-12: start_process: starting tool 'zip_directory' | task_id=call_zyay5p3m timeout=30s args={'source_dir': '/home/loki/Documents', 'output_path': '/home/loki/Documents/archive.zip', 'overwrite': True}
2026-08-18 13:38:14,921 [INFO] Process-12: start_process: running zip_directory(source_dir='/home/loki/Documents',output_path='/home/loki/Documents/archive.zip',overwrite=True,) from /media/loki/HDD/System64/projects/in_development/TARS/tools/tools.py
2026-08-18 13:38:14,924 [INFO] Process-12: start_process: spawned subprocess pid=30986 for 'zip_directory'
2026-08-18 13:38:15,926 [INFO] Process-12: start_process: 'zip_directory' (pid=30986) finished in 1.0s | returncode=0
2026-08-18 13:39:09,403 [INFO] Process-2: start_process: starting tool 'download_file' | task_id=call_ae2bhkue timeout=60s args={'url': 'https://archive.org/download/vintage-cocktail-books-euvs/Bariana%20by%20Louis%20Fouquet%20%281896%29.txt', 'dest': '/home/loki/Documents/bariana.txt', 'overwrite': False}
2026-08-18 13:39:09,404 [INFO] Process-2: start_process: running download_file(url='https://archive.org/download/vintage-cocktail-books-euvs/Bariana%20by%20Louis%20Fouquet%20%281896%29.txt',dest='/home/loki/Documents/bariana.txt',overwrite=False,) from /media/loki/HDD/System64/projects/in_development/TARS/tools/tools.py
2026-08-18 13:39:09,407 [INFO] Process-2: start_process: spawned subprocess pid=31213 for 'download_file'
2026-08-18 13:39:10,410 [INFO] Process-2: start_process: 'download_file' (pid=31213) finished in 1.0s | returncode=1
2026-08-18 13:39:22,392 [INFO] Process-4: start_process: starting tool 'download_file' | task_id=call_er05avcj timeout=30s args={'url': 'https://archive.org/download/vintage-cocktail-books-euvs/Bariana%20by%20Louis%20Fouquet%20%281896%29.txt', 'dest': '/home/loki/Documents/bariana.txt', 'overwrite': True}
2026-08-18 13:39:22,393 [INFO] Process-4: start_process: running download_file(url='https://archive.org/download/vintage-cocktail-books-euvs/Bariana%20by%20Louis%20Fouquet%20%281896%29.txt',dest='/home/loki/Documents/bariana.txt',overwrite=True,) from /media/loki/HDD/System64/projects/in_development/TARS/tools/tools.py
2026-08-18 13:39:22,395 [INFO] Process-4: start_process: spawned subprocess pid=31297 for 'download_file'
2026-08-18 13:39:26,399 [INFO] Process-4: start_process: 'download_file' (pid=31297) finished in 4.0s | returncode=0
2026-08-18 13:39:43,272 [INFO] Process-6: start_process: starting tool 'read_text_file' | task_id=call_spli0omm timeout=30s args={'max_chars': 500, 'path': '/home/loki/Documents/bariana.txt'}
2026-08-18 13:39:43,273 [INFO] Process-6: start_process: running read_text_file(max_chars=500,path='/home/loki/Documents/bariana.txt',) from /media/loki/HDD/System64/projects/in_development/TARS/tools/tools.py
2026-08-18 13:39:43,276 [INFO] Process-6: start_process: spawned subprocess pid=31407 for 'read_text_file'
2026-08-18 13:39:44,279 [INFO] Process-6: start_process: 'read_text_file' (pid=31407) finished in 1.0s | returncode=0
2026-08-18 13:39:59,907 [INFO] Process-8: start_process: starting tool 'write_text_file' | task_id=call_zsm74nyn timeout=30s args={'content': 'Bariana by Louis Fouquet (1896) is one of the earliest French cocktail books, published in 1896. Written by Louis Fouquet, a renowned Parisian bartender, the book includes a mix of American and British mixed drinks alongside unique French creations. It provides insight into late 19th-century cocktail culture and bartending techniques. The text offers both historical value and a glimpse into the evolution of cocktail recipes.\n\nSummary saved to /home/loki/Documents/summary.txt', 'path': '/home/loki/Documents/summary.txt', 'overwrite': True}
2026-08-18 13:39:59,908 [INFO] Process-8: start_process: running write_text_file(content='Bariana by Louis Fouquet (1896) is one of the earliest French cocktail books, published in 1896. Written by Louis Fouquet, a renowned Parisian bartender, the book includes a mix of American and British mixed drinks alongside unique French creations. It provides insight into late 19th-century cocktail culture and bartending techniques. The text offers both historical value and a glimpse into the evolution of cocktail recipes.\n\nSummary saved to /home/loki/Documents/summary.txt',path='/home/loki/Documents/summary.txt',overwrite=True,) from /media/loki/HDD/System64/projects/in_development/TARS/tools/tools.py
2026-08-18 13:39:59,911 [INFO] Process-8: start_process: spawned subprocess pid=31485 for 'write_text_file'
2026-08-18 13:40:00,914 [INFO] Process-8: start_process: 'write_text_file' (pid=31485) finished in 1.0s | returncode=0
2026-08-18 13:40:14,409 [INFO] Process-10: start_process: starting tool 'zip_directory' | task_id=call_nmglq2ft timeout=30s args={'source_dir': '/home/loki/Documents', 'output_path': '/home/loki/Documents/archive.zip', 'overwrite': True}
2026-08-18 13:40:14,410 [INFO] Process-10: start_process: running zip_directory(source_dir='/home/loki/Documents',output_path='/home/loki/Documents/archive.zip',overwrite=True,) from /media/loki/HDD/System64/projects/in_development/TARS/tools/tools.py
2026-08-18 13:40:14,413 [INFO] Process-10: start_process: spawned subprocess pid=31579 for 'zip_directory'
2026-08-18 13:40:15,415 [INFO] Process-10: start_process: 'zip_directory' (pid=31579) finished in 1.0s | returncode=0
2026-08-24 18:16:40,966 [INFO] Process-2: start_process: starting tool 'download_file' | task_id=call_txxjic2s timeout=30s args={'url': 'https://archive.org/download/vintage-cocktail-books-euvs/Bariana%20by%20Louis%20Fouquet%20%281896%29.txt', 'dest': '/home/loki/Documents/bariana.txt'}
2026-08-24 18:16:40,988 [INFO] Process-2: start_process: running download_file(url='https://archive.org/download/vintage-cocktail-books-euvs/Bariana%20by%20Louis%20Fouquet%20%281896%29.txt',dest='/home/loki/Documents/bariana.txt',) from /media/loki/HDD/System64/projects/in_development/TARS/tools/tools.py
2026-08-24 18:16:40,991 [INFO] Process-2: start_process: spawned subprocess pid=14232 for 'download_file'
2026-08-24 18:16:41,994 [INFO] Process-2: start_process: 'download_file' (pid=14232) finished in 1.0s | returncode=1
2026-08-24 18:16:54,901 [INFO] Process-4: start_process: starting tool 'download_file' | task_id=call_5yer4e0w timeout=30s args={'overwrite': True, 'url': 'https://archive.org/download/vintage-cocktail-books-euvs/Bariana%20by%20Louis%20Fouquet%20%281896%29.txt', 'dest': '/home/loki/Documents/bariana.txt'}
2026-08-24 18:16:54,902 [INFO] Process-4: start_process: running download_file(overwrite=True,url='https://archive.org/download/vintage-cocktail-books-euvs/Bariana%20by%20Louis%20Fouquet%20%281896%29.txt',dest='/home/loki/Documents/bariana.txt',) from /media/loki/HDD/System64/projects/in_development/TARS/tools/tools.py
2026-08-24 18:16:54,904 [INFO] Process-4: start_process: spawned subprocess pid=14318 for 'download_file'
2026-08-24 18:16:57,908 [INFO] Process-4: start_process: 'download_file' (pid=14318) finished in 3.0s | returncode=0
2026-08-24 18:17:05,097 [INFO] Process-6: start_process: starting tool 'read_text_file' | task_id=call_mw09l1f4 timeout=30s args={'max_chars': 1000, 'path': '/home/loki/Documents/bariana.txt'}
2026-08-24 18:17:05,098 [INFO] Process-6: start_process: running read_text_file(max_chars=1000,path='/home/loki/Documents/bariana.txt',) from /media/loki/HDD/System64/projects/in_development/TARS/tools/tools.py
2026-08-24 18:17:05,102 [INFO] Process-6: start_process: spawned subprocess pid=14436 for 'read_text_file'
2026-08-24 18:17:06,105 [INFO] Process-6: start_process: 'read_text_file' (pid=14436) finished in 1.0s | returncode=0
2026-08-24 18:17:34,796 [INFO] Process-8: start_process: starting tool 'write_text_file' | task_id=call_3286w423 timeout=30s args={'content': "Bariana by Louis Fouquet (1896) is one of the earliest French cocktail books, compiling American and British mixed drinks alongside unique French creations. The text highlights Parisian bartenders' sophistication in the late 19th century, contextualizing the book within the phylloxera crisis that devastated France's wine industry. Originally published in 1896, it was reprinted in 1902 and features illustrations of barware from the era.", 'path': '/home/loki/Documents/summary.txt', 'overwrite': True}
2026-08-24 18:17:34,824 [INFO] Process-8: start_process: running write_text_file(content="Bariana by Louis Fouquet (1896) is one of the earliest French cocktail books, compiling American and British mixed drinks alongside unique French creations. The text highlights Parisian bartenders' sophistication in the late 19th century, contextualizing the book within the phylloxera crisis that devastated France's wine industry. Originally published in 1896, it was reprinted in 1902 and features illustrations of barware from the era.",path='/home/loki/Documents/summary.txt',overwrite=True,) from /media/loki/HDD/System64/projects/in_development/TARS/tools/tools.py
2026-08-24 18:17:34,827 [INFO] Process-8: start_process: spawned subprocess pid=14618 for 'write_text_file'
2026-08-24 18:17:35,829 [INFO] Process-8: start_process: 'write_text_file' (pid=14618) finished in 1.0s | returncode=0
2026-08-24 18:17:47,970 [INFO] Process-10: start_process: starting tool 'zip_directory' | task_id=call_0wuvwlkp timeout=30s args={'overwrite': True, 'source_dir': '/home/loki/Documents', 'output_path': '/home/loki/Documents/archive.zip'}
2026-08-24 18:17:47,972 [INFO] Process-10: start_process: running zip_directory(overwrite=True,source_dir='/home/loki/Documents',output_path='/home/loki/Documents/archive.zip',) from /media/loki/HDD/System64/projects/in_development/TARS/tools/tools.py
2026-08-24 18:17:47,975 [INFO] Process-10: start_process: spawned subprocess pid=14776 for 'zip_directory'
2026-08-24 18:17:48,979 [INFO] Process-10: start_process: 'zip_directory' (pid=14776) finished in 1.0s | returncode=0
2026-08-24 18:22:21,937 [INFO] Process-2: start_process: starting tool 'set_memory' | task_id=call_nudzfcpx timeout=30s args={'new_memory': "Dozer, the user's dog, passed away yesterday."}
2026-08-24 18:22:21,937 [INFO] Process-2: start_process: running set_memory(new_memory="Dozer, the user's dog, passed away yesterday.",) from /media/loki/HDD/System64/projects/in_development/TARS/memory/memory.py
2026-08-24 18:22:21,940 [INFO] Process-2: start_process: spawned subprocess pid=17264 for 'set_memory'
2026-08-24 18:22:22,943 [INFO] Process-2: start_process: 'set_memory' (pid=17264) finished in 1.0s | returncode=0
2026-08-24 18:28:20,393 [INFO] Process-2: start_process: starting tool 'set_memory' | task_id=call_fps6lb42 timeout=10s args={'new_memory': "User is feeling down and questioning AI's intelligence"}
2026-08-24 18:28:20,394 [INFO] Process-2: start_process: running set_memory(new_memory="User is feeling down and questioning AI's intelligence",) from /media/loki/HDD/System64/projects/in_development/TARS/memory/memory.py
2026-08-24 18:28:20,397 [INFO] Process-2: start_process: spawned subprocess pid=20233 for 'set_memory'
2026-08-24 18:28:21,400 [INFO] Process-2: start_process: 'set_memory' (pid=20233) finished in 1.0s | returncode=0
2026-08-25 00:27:47,226 [INFO] Process-2: start_process: starting tool 'analyise_file' | task_id=call_vqgcfjcd timeout=30s args={'start_line': 114, 'end_line': 168, 'path': '/home/loki/Documents/pride_and_prejudice.txt'}
2026-08-25 00:27:47,246 [INFO] Process-2: start_process: running analyise_file(start_line=114,end_line=168,path='/home/loki/Documents/pride_and_prejudice.txt',) from /media/loki/HDD/System64/projects/in_development/TARS/tools/tools.py
2026-08-25 00:27:47,249 [INFO] Process-2: start_process: spawned subprocess pid=14084 for 'analyise_file'
2026-08-25 00:27:48,251 [INFO] Process-2: start_process: 'analyise_file' (pid=14084) finished in 1.0s | returncode=0
2026-08-25 00:27:48,306 [INFO] Process-4: start_process: starting tool 'analyise_file' | task_id=call_bjh4cpxf timeout=30s args={'path': '/home/loki/Documents/pride_and_prejudice.txt', 'start_line': 1, 'end_line': 10}
2026-08-25 00:27:48,336 [INFO] Process-4: start_process: running analyise_file(path='/home/loki/Documents/pride_and_prejudice.txt',start_line=1,end_line=10,) from /media/loki/HDD/System64/projects/in_development/TARS/tools/tools.py
2026-08-25 00:27:48,339 [INFO] Process-4: start_process: spawned subprocess pid=14108 for 'analyise_file'
2026-08-25 00:27:49,342 [INFO] Process-4: start_process: 'analyise_file' (pid=14108) finished in 1.0s | returncode=0
2026-08-25 01:08:32,132 [INFO] Process-2: start_process: starting tool 'download_file' | task_id=call_hibkrfmn timeout=30s args={'url': 'https://archive.org/download/vintage-cocktail-books-euvs/Bariana%20by%20Louis%20Fouquet%20%281896%29.txt', 'dest': '/home/loki/Documents/bariana.txt', 'overwrite': False, 'timeout': 30}
2026-08-25 01:08:32,152 [INFO] Process-2: start_process: running download_file(url='https://archive.org/download/vintage-cocktail-books-euvs/Bariana%20by%20Louis%20Fouquet%20%281896%29.txt',dest='/home/loki/Documents/bariana.txt',overwrite=False,timeout=30,) from /media/loki/HDD/System64/projects/in_development/TARS/tools/tools.py
2026-08-25 01:08:32,157 [INFO] Process-2: start_process: spawned subprocess pid=17895 for 'download_file'
2026-08-25 01:08:37,168 [INFO] Process-2: start_process: 'download_file' (pid=17895) finished in 5.0s | returncode=0
2026-08-25 01:08:55,310 [INFO] Process-4: start_process: starting tool 'analyise_file' | task_id=call_0xxg9p6y timeout=30s args={'end_line': 10, 'path': '/home/loki/Documents/bariana.txt', 'start_line': 1}
2026-08-25 01:08:55,311 [INFO] Process-4: start_process: running analyise_file(end_line=10,path='/home/loki/Documents/bariana.txt',start_line=1,) from /media/loki/HDD/System64/projects/in_development/TARS/tools/tools.py
2026-08-25 01:08:55,314 [INFO] Process-4: start_process: spawned subprocess pid=18073 for 'analyise_file'
2026-08-25 01:08:56,316 [INFO] Process-4: start_process: 'analyise_file' (pid=18073) finished in 1.0s | returncode=0
2026-08-25 01:09:13,959 [INFO] Process-6: start_process: starting tool 'write_text_file' | task_id=call_xo59ovsu timeout=30s args={'overwrite': True, 'path': '/home/loki/Documents/summary.txt', 'content': 'Bariana by Louis Fouquet (1896) is one of the earliest French cocktail books, published in 1896. Written by Louis Fouquet, a renowned Parisian bartender, it includes both American/British cocktail recipes and unique French creations. The book features illustrations of sophisticated barware from the late 19th century and references the impact of phylloxera on French wine culture. It was reprinted in 1902.'}
2026-08-25 01:09:13,960 [INFO] Process-6: start_process: running write_text_file(overwrite=True,path='/home/loki/Documents/summary.txt',content='Bariana by Louis Fouquet (1896) is one of the earliest French cocktail books, published in 1896. Written by Louis Fouquet, a renowned Parisian bartender, it includes both American/British cocktail recipes and unique French creations. The book features illustrations of sophisticated barware from the late 19th century and references the impact of phylloxera on French wine culture. It was reprinted in 1902.',) from /media/loki/HDD/System64/projects/in_development/TARS/tools/tools.py
2026-08-25 01:09:13,963 [INFO] Process-6: start_process: spawned subprocess pid=18160 for 'write_text_file'
2026-08-25 01:09:14,966 [INFO] Process-6: start_process: 'write_text_file' (pid=18160) finished in 1.0s | returncode=0
2026-08-25 01:09:24,384 [INFO] Process-8: start_process: starting tool 'zip_directory' | task_id=call_itfnpfay timeout=30s args={'source_dir': '/home/loki/Documents', 'output_path': '/home/loki/Documents/archive.zip', 'overwrite': True}
2026-08-25 01:09:24,385 [INFO] Process-8: start_process: running zip_directory(source_dir='/home/loki/Documents',output_path='/home/loki/Documents/archive.zip',overwrite=True,) from /media/loki/HDD/System64/projects/in_development/TARS/tools/tools.py
2026-08-25 01:09:24,388 [INFO] Process-8: start_process: spawned subprocess pid=18240 for 'zip_directory'
2026-08-25 01:09:54,389 [INFO] Process-8: start_process: 'zip_directory' (pid=18240) timeout reached at 30.0s, awaiting decision
2026-08-25 01:10:12,828 [INFO] Process-8: start_process: extending 'zip_directory' (pid=18240) by 15s
2026-08-25 01:10:27,828 [INFO] Process-8: start_process: 'zip_directory' (pid=18240) timeout reached at 63.4s, awaiting decision
2026-08-25 01:10:36,486 [INFO] Process-8: start_process: extending 'zip_directory' (pid=18240) by 15s
2026-08-25 01:10:51,487 [INFO] Process-8: start_process: 'zip_directory' (pid=18240) timeout reached at 87.1s, awaiting decision
2026-08-25 01:11:00,374 [INFO] Process-8: start_process: extending 'zip_directory' (pid=18240) by 15s
2026-08-25 01:11:15,378 [INFO] Process-8: start_process: 'zip_directory' (pid=18240) timeout reached at 111.0s, awaiting decision
2026-08-25 01:11:23,667 [INFO] Process-8: start_process: extending 'zip_directory' (pid=18240) by 30s
2026-08-25 01:11:53,668 [INFO] Process-8: start_process: 'zip_directory' (pid=18240) timeout reached at 149.3s, awaiting decision
2026-08-25 01:12:02,991 [INFO] Process-8: start_process: extending 'zip_directory' (pid=18240) by 15s
2026-08-25 01:12:17,993 [INFO] Process-8: start_process: 'zip_directory' (pid=18240) timeout reached at 173.6s, awaiting decision
2026-08-25 01:12:26,506 [INFO] Process-8: start_process: extending 'zip_directory' (pid=18240) by 15s
2026-08-25 01:12:41,507 [INFO] Process-8: start_process: 'zip_directory' (pid=18240) timeout reached at 197.1s, awaiting decision
2026-08-25 01:12:50,177 [INFO] Process-8: start_process: extending 'zip_directory' (pid=18240) by 15s
2026-08-25 01:13:05,177 [INFO] Process-8: start_process: 'zip_directory' (pid=18240) timeout reached at 220.8s, awaiting decision
2026-08-25 01:13:16,008 [INFO] Process-8: start_process: extending 'zip_directory' (pid=18240) by 15s
2026-08-25 01:13:31,008 [INFO] Process-8: start_process: 'zip_directory' (pid=18240) timeout reached at 246.6s, awaiting decision
2026-08-25 01:13:39,252 [INFO] Process-8: start_process: extending 'zip_directory' (pid=18240) by 15s
2026-08-25 01:13:54,254 [INFO] Process-8: start_process: 'zip_directory' (pid=18240) timeout reached at 269.9s, awaiting decision
2026-08-27 01:05:12,416 [INFO] Process-6: start_process: starting tool 'read_text_file' | task_id=R4BlBezyoRF3zvrPvYciT6cnxCAcnF0W timeout=30s args={'path': 'cocktail_books.txt', 'max_chars': 0}
2026-08-27 01:05:12,431 [INFO] Process-6: start_process: running read_text_file(path='cocktail_books.txt',max_chars=0,) from /media/loki/HDD/System64/projects/in_development/TARS/tools/tools.py
2026-08-27 01:05:12,434 [INFO] Process-6: start_process: spawned subprocess pid=33128 for 'read_text_file'
2026-08-27 01:05:13,437 [INFO] Process-6: start_process: 'read_text_file' (pid=33128) finished in 1.0s | returncode=1
2026-08-27 01:14:54,091 [INFO] Process-6: start_process: starting tool 'run_shell_command' | task_id=D0eiExjcRnYXetecvx13vLbodpHEbxoW timeout=30s args={'cmd': "search_books 'cocktail books'"}
2026-08-27 01:14:54,093 [INFO] Process-6: start_process: running run_shell_command(cmd="search_books 'cocktail books'",) from /media/loki/HDD/System64/projects/in_development/TARS/tools/tools.py
2026-08-27 01:14:54,097 [INFO] Process-6: start_process: spawned subprocess pid=35084 for 'run_shell_command'
2026-08-27 01:14:55,100 [INFO] Process-6: start_process: 'run_shell_command' (pid=35084) finished in 1.0s | returncode=0
2026-08-27 01:14:59,153 [INFO] Process-8: start_process: starting tool 'run_shell_command' | task_id=pxFd88SLflZ4F1ESs29yECIMOvKCOLLC timeout=30s args={'cmd': "search_books 'cocktail books'"}
2026-08-27 01:14:59,154 [INFO] Process-8: start_process: running run_shell_command(cmd="search_books 'cocktail books'",) from /media/loki/HDD/System64/projects/in_development/TARS/tools/tools.py
2026-08-27 01:14:59,157 [INFO] Process-8: start_process: spawned subprocess pid=35132 for 'run_shell_command'
2026-08-27 01:15:00,160 [INFO] Process-8: start_process: 'run_shell_command' (pid=35132) finished in 1.0s | returncode=0
2026-08-27 01:15:04,627 [INFO] Process-10: start_process: starting tool 'run_shell_command' | task_id=9mXcby7mFM4bi5wW4sUcVf9bKvQeNNFd timeout=30s args={'cmd': "search_books 'cocktail books'"}
2026-08-27 01:15:04,628 [INFO] Process-10: start_process: running run_shell_command(cmd="search_books 'cocktail books'",) from /media/loki/HDD/System64/projects/in_development/TARS/tools/tools.py
2026-08-27 01:15:04,631 [INFO] Process-10: start_process: spawned subprocess pid=35185 for 'run_shell_command'
2026-08-27 01:15:05,633 [INFO] Process-10: start_process: 'run_shell_command' (pid=35185) finished in 1.0s | returncode=0
2026-08-27 01:15:09,936 [INFO] Process-12: start_process: starting tool 'run_shell_command' | task_id=Ine8AHVvRyscC0ThN0BcO8C8DSKV7KaK timeout=30s args={'cmd': "search_books 'cocktail books'"}
2026-08-27 01:15:09,937 [INFO] Process-12: start_process: running run_shell_command(cmd="search_books 'cocktail books'",) from /media/loki/HDD/System64/projects/in_development/TARS/tools/tools.py
2026-08-27 01:15:09,940 [INFO] Process-12: start_process: spawned subprocess pid=35234 for 'run_shell_command'
2026-08-27 01:15:10,942 [INFO] Process-12: start_process: 'run_shell_command' (pid=35234) finished in 1.0s | returncode=0
2026-08-27 01:15:15,136 [INFO] Process-14: start_process: starting tool 'run_shell_command' | task_id=YApiSMgKQWdNIG2yCAs3VDR06UhX1JWE timeout=30s args={'cmd': "search_books 'cocktail books'"}
2026-08-27 01:15:15,137 [INFO] Process-14: start_process: running run_shell_command(cmd="search_books 'cocktail books'",) from /media/loki/HDD/System64/projects/in_development/TARS/tools/tools.py
2026-08-27 01:15:15,141 [INFO] Process-14: start_process: spawned subprocess pid=35282 for 'run_shell_command'
2026-08-27 01:15:16,144 [INFO] Process-14: start_process: 'run_shell_command' (pid=35282) finished in 1.0s | returncode=0
2026-08-27 01:15:20,516 [INFO] Process-16: start_process: starting tool 'run_shell_command' | task_id=qqfHKOcQVpiQERUuZ771kdt10IjvwFzl timeout=30s args={'cmd': "search_books 'cocktail books'"}
2026-08-27 01:15:20,520 [INFO] Process-16: start_process: running run_shell_command(cmd="search_books 'cocktail books'",) from /media/loki/HDD/System64/projects/in_development/TARS/tools/tools.py
2026-08-27 01:15:20,524 [INFO] Process-16: start_process: spawned subprocess pid=35330 for 'run_shell_command'
2026-08-27 01:15:21,529 [INFO] Process-16: start_process: 'run_shell_command' (pid=35330) finished in 1.0s | returncode=0
2026-08-27 01:15:25,939 [INFO] Process-18: start_process: starting tool 'run_shell_command' | task_id=kzCLs4J6sYmd6EXjPyjkV8UAJCZrfhuD timeout=30s args={'cmd': "search_books 'cocktail books'"}
2026-08-27 01:15:25,940 [INFO] Process-18: start_process: running run_shell_command(cmd="search_books 'cocktail books'",) from /media/loki/HDD/System64/projects/in_development/TARS/tools/tools.py
2026-08-27 01:15:25,942 [INFO] Process-18: start_process: spawned subprocess pid=35377 for 'run_shell_command'
2026-08-27 01:15:26,945 [INFO] Process-18: start_process: 'run_shell_command' (pid=35377) finished in 1.0s | returncode=0
2026-08-27 01:15:31,361 [INFO] Process-20: start_process: starting tool 'run_shell_command' | task_id=dnaTxVly9fHonXCF9rll74jldWFJEOw4 timeout=30s args={'cmd': "search_books 'cocktail books'"}
2026-08-27 01:15:31,362 [INFO] Process-20: start_process: running run_shell_command(cmd="search_books 'cocktail books'",) from /media/loki/HDD/System64/projects/in_development/TARS/tools/tools.py
2026-08-27 01:15:31,365 [INFO] Process-20: start_process: spawned subprocess pid=35432 for 'run_shell_command'
2026-08-27 01:15:32,367 [INFO] Process-20: start_process: 'run_shell_command' (pid=35432) finished in 1.0s | returncode=0
2026-08-27 01:15:36,818 [INFO] Process-22: start_process: starting tool 'run_shell_command' | task_id=cZhUJzKOCiu0M9Mi0h7RXmO2uZKESvL8 timeout=30s args={'cmd': "search_books 'cocktail books'"}
2026-08-27 01:15:36,819 [INFO] Process-22: start_process: running run_shell_command(cmd="search_books 'cocktail books'",) from /media/loki/HDD/System64/projects/in_development/TARS/tools/tools.py
2026-08-27 01:15:36,825 [INFO] Process-22: start_process: spawned subprocess pid=35489 for 'run_shell_command'
2026-08-27 01:15:37,831 [INFO] Process-22: start_process: 'run_shell_command' (pid=35489) finished in 1.0s | returncode=0
